--------------------------------------------------------------------------------
Release 14.7 Trace  (nt64)
Copyright (c) 1995-2013 Xilinx, Inc.  All rights reserved.

C:\Xilinx\14.7\ISE_DS\ISE\bin\nt64\unwrapped\trce.exe -intstyle ise -v 3 -s 2
-n 3 -fastpaths -xml Main.twx Main.ncd -o Main.twr Main.pcf -ucf Main.ucf

Design file:              Main.ncd
Physical constraint file: Main.pcf
Device,package,speed:     xc6slx9,tqg144,C,-2 (PRODUCTION 1.23 2013-10-13)
Report level:             verbose report

Environment Variable      Effect 
--------------------      ------ 
NONE                      No environment variables were set
--------------------------------------------------------------------------------

INFO:Timing:2698 - No timing constraints found, doing default enumeration.
INFO:Timing:3412 - To improve timing, see the Timing Closure User Guide (UG612).
INFO:Timing:2752 - To get complete path coverage, use the unconstrained paths 
   option. All paths that are not constrained will be reported in the 
   unconstrained paths section(s) of the report.
INFO:Timing:3339 - The clock-to-out numbers in this timing report are based on 
   a 50 Ohm transmission line loading model.  For the details of this model, 
   and for more information on accounting for different loading conditions, 
   please see the device datasheet.



Data Sheet report:
-----------------
All values displayed in nanoseconds (ns)

Setup/Hold to clock SW17
------------+------------+------------+------------+------------+------------------+--------+
            |Max Setup to|  Process   |Max Hold to |  Process   |                  | Clock  |
Source      | clk (edge) |   Corner   | clk (edge) |   Corner   |Internal Clock(s) | Phase  |
------------+------------+------------+------------+------------+------------------+--------+
SW1         |    3.869(F)|      SLOW  |   -1.600(F)|      FAST  |SW17_IBUF_BUFG    |   0.000|
SW2         |    2.513(F)|      SLOW  |   -0.744(F)|      FAST  |SW17_IBUF_BUFG    |   0.000|
SW3         |    2.836(F)|      SLOW  |   -1.059(F)|      FAST  |SW17_IBUF_BUFG    |   0.000|
SW4         |    2.378(F)|      SLOW  |   -0.769(F)|      FAST  |SW17_IBUF_BUFG    |   0.000|
SW5         |    2.706(F)|      SLOW  |   -0.983(F)|      FAST  |SW17_IBUF_BUFG    |   0.000|
SW6         |    2.907(F)|      SLOW  |   -1.087(F)|      FAST  |SW17_IBUF_BUFG    |   0.000|
SW7         |    2.833(F)|      SLOW  |   -1.018(F)|      FAST  |SW17_IBUF_BUFG    |   0.000|
SW8         |    3.858(F)|      SLOW  |   -1.789(F)|      FAST  |SW17_IBUF_BUFG    |   0.000|
------------+------------+------------+------------+------------+------------------+--------+

Clock CLK to Pad
------------+-----------------+------------+-----------------+------------+------------------+--------+
            |Max (slowest) clk|  Process   |Min (fastest) clk|  Process   |                  | Clock  |
Destination |  (edge) to PAD  |   Corner   |  (edge) to PAD  |   Corner   |Internal Clock(s) | Phase  |
------------+-----------------+------------+-----------------+------------+------------------+--------+
DOUT<0>     |        15.451(R)|      SLOW  |         5.977(R)|      FAST  |CLK_BUFGP         |   0.000|
DOUT<1>     |        15.098(R)|      SLOW  |         5.852(R)|      FAST  |CLK_BUFGP         |   0.000|
DOUT<2>     |        14.662(R)|      SLOW  |         5.421(R)|      FAST  |CLK_BUFGP         |   0.000|
DOUT<3>     |        15.230(R)|      SLOW  |         5.551(R)|      FAST  |CLK_BUFGP         |   0.000|
DOUT<4>     |        14.941(R)|      SLOW  |         5.336(R)|      FAST  |CLK_BUFGP         |   0.000|
DOUT<5>     |        15.132(R)|      SLOW  |         6.211(R)|      FAST  |CLK_BUFGP         |   0.000|
DOUT<6>     |        14.744(R)|      SLOW  |         5.439(R)|      FAST  |CLK_BUFGP         |   0.000|
SIG1        |        11.374(R)|      SLOW  |         5.209(R)|      FAST  |CLK_BUFGP         |   0.000|
SIG2        |        11.334(R)|      SLOW  |         5.278(R)|      FAST  |CLK_BUFGP         |   0.000|
------------+-----------------+------------+-----------------+------------+------------------+--------+

Clock SW17 to Pad
------------+-----------------+------------+-----------------+------------+------------------------+--------+
            |Max (slowest) clk|  Process   |Min (fastest) clk|  Process   |                        | Clock  |
Destination |  (edge) to PAD  |   Corner   |  (edge) to PAD  |   Corner   |Internal Clock(s)       | Phase  |
------------+-----------------+------------+-----------------+------------+------------------------+--------+
DOUT<0>     |        16.982(R)|      SLOW  |         7.205(R)|      FAST  |SW17_IBUF_BUFG          |   0.000|
            |        16.982(F)|      SLOW  |         7.310(F)|      FAST  |SW17_IBUF_BUFG          |   0.000|
            |        21.442(F)|      SLOW  |        10.028(F)|      FAST  |GND_1_o_OPR[3]_AND_109_o|   0.000|
            |        21.466(F)|      SLOW  |        10.027(F)|      FAST  |GND_1_o_OPR[3]_AND_121_o|   0.000|
            |        21.037(F)|      SLOW  |         9.742(F)|      FAST  |GND_1_o_OPR[3]_AND_37_o |   0.000|
            |        21.133(F)|      SLOW  |         9.976(F)|      FAST  |GND_1_o_OPR[3]_AND_49_o |   0.000|
            |        20.337(F)|      SLOW  |         9.646(F)|      FAST  |GND_1_o_OPR[3]_AND_61_o |   0.000|
            |        20.561(F)|      SLOW  |         9.649(F)|      FAST  |GND_1_o_OPR[3]_AND_73_o |   0.000|
            |        20.807(F)|      SLOW  |         9.819(F)|      FAST  |GND_1_o_OPR[3]_AND_85_o |   0.000|
            |        20.734(F)|      SLOW  |         9.804(F)|      FAST  |GND_1_o_OPR[3]_AND_97_o |   0.000|
DOUT<1>     |        16.209(R)|      SLOW  |         6.539(R)|      FAST  |SW17_IBUF_BUFG          |   0.000|
            |        16.209(F)|      SLOW  |         6.600(F)|      FAST  |SW17_IBUF_BUFG          |   0.000|
            |        20.463(F)|      SLOW  |         9.481(F)|      FAST  |GND_1_o_OPR[3]_AND_109_o|   0.000|
            |        20.693(F)|      SLOW  |         9.480(F)|      FAST  |GND_1_o_OPR[3]_AND_121_o|   0.000|
            |        20.264(F)|      SLOW  |         9.090(F)|      FAST  |GND_1_o_OPR[3]_AND_37_o |   0.000|
            |        20.360(F)|      SLOW  |         9.429(F)|      FAST  |GND_1_o_OPR[3]_AND_49_o |   0.000|
            |        19.564(F)|      SLOW  |         9.099(F)|      FAST  |GND_1_o_OPR[3]_AND_61_o |   0.000|
            |        19.788(F)|      SLOW  |         9.102(F)|      FAST  |GND_1_o_OPR[3]_AND_73_o |   0.000|
            |        20.034(F)|      SLOW  |         9.272(F)|      FAST  |GND_1_o_OPR[3]_AND_85_o |   0.000|
            |        19.961(F)|      SLOW  |         9.257(F)|      FAST  |GND_1_o_OPR[3]_AND_97_o |   0.000|
DOUT<2>     |        15.921(R)|      SLOW  |         6.777(R)|      FAST  |SW17_IBUF_BUFG          |   0.000|
            |        15.921(F)|      SLOW  |         6.868(F)|      FAST  |SW17_IBUF_BUFG          |   0.000|
            |        20.625(F)|      SLOW  |         9.600(F)|      FAST  |GND_1_o_OPR[3]_AND_109_o|   0.000|
            |        20.405(F)|      SLOW  |         9.599(F)|      FAST  |GND_1_o_OPR[3]_AND_121_o|   0.000|
            |        19.976(F)|      SLOW  |         9.314(F)|      FAST  |GND_1_o_OPR[3]_AND_37_o |   0.000|
            |        20.204(F)|      SLOW  |         9.548(F)|      FAST  |GND_1_o_OPR[3]_AND_49_o |   0.000|
            |        19.359(F)|      SLOW  |         9.218(F)|      FAST  |GND_1_o_OPR[3]_AND_61_o |   0.000|
            |        19.500(F)|      SLOW  |         9.221(F)|      FAST  |GND_1_o_OPR[3]_AND_73_o |   0.000|
            |        19.746(F)|      SLOW  |         9.391(F)|      FAST  |GND_1_o_OPR[3]_AND_85_o |   0.000|
            |        19.717(F)|      SLOW  |         9.376(F)|      FAST  |GND_1_o_OPR[3]_AND_97_o |   0.000|
DOUT<3>     |        16.515(R)|      SLOW  |         7.087(R)|      FAST  |SW17_IBUF_BUFG          |   0.000|
            |        16.515(F)|      SLOW  |         7.053(F)|      FAST  |SW17_IBUF_BUFG          |   0.000|
            |        21.000(F)|      SLOW  |         9.910(F)|      FAST  |GND_1_o_OPR[3]_AND_109_o|   0.000|
            |        20.999(F)|      SLOW  |         9.909(F)|      FAST  |GND_1_o_OPR[3]_AND_121_o|   0.000|
            |        20.570(F)|      SLOW  |         9.624(F)|      FAST  |GND_1_o_OPR[3]_AND_37_o |   0.000|
            |        20.666(F)|      SLOW  |         9.858(F)|      FAST  |GND_1_o_OPR[3]_AND_49_o |   0.000|
            |        19.870(F)|      SLOW  |         9.482(F)|      FAST  |GND_1_o_OPR[3]_AND_61_o |   0.000|
            |        20.094(F)|      SLOW  |         9.416(F)|      FAST  |GND_1_o_OPR[3]_AND_73_o |   0.000|
            |        20.340(F)|      SLOW  |         9.589(F)|      FAST  |GND_1_o_OPR[3]_AND_85_o |   0.000|
            |        20.267(F)|      SLOW  |         9.686(F)|      FAST  |GND_1_o_OPR[3]_AND_97_o |   0.000|
DOUT<4>     |        16.109(R)|      SLOW  |         6.916(R)|      FAST  |SW17_IBUF_BUFG          |   0.000|
            |        16.109(F)|      SLOW  |         6.889(F)|      FAST  |SW17_IBUF_BUFG          |   0.000|
            |        20.782(F)|      SLOW  |         9.739(F)|      FAST  |GND_1_o_OPR[3]_AND_109_o|   0.000|
            |        20.593(F)|      SLOW  |         9.738(F)|      FAST  |GND_1_o_OPR[3]_AND_121_o|   0.000|
            |        20.164(F)|      SLOW  |         9.453(F)|      FAST  |GND_1_o_OPR[3]_AND_37_o |   0.000|
            |        20.361(F)|      SLOW  |         9.687(F)|      FAST  |GND_1_o_OPR[3]_AND_49_o |   0.000|
            |        19.516(F)|      SLOW  |         9.318(F)|      FAST  |GND_1_o_OPR[3]_AND_61_o |   0.000|
            |        19.688(F)|      SLOW  |         9.252(F)|      FAST  |GND_1_o_OPR[3]_AND_73_o |   0.000|
            |        19.934(F)|      SLOW  |         9.425(F)|      FAST  |GND_1_o_OPR[3]_AND_85_o |   0.000|
            |        19.874(F)|      SLOW  |         9.515(F)|      FAST  |GND_1_o_OPR[3]_AND_97_o |   0.000|
DOUT<5>     |        20.834(F)|      SLOW  |         9.684(F)|      FAST  |GND_1_o_OPR[3]_AND_109_o|   0.000|
            |        20.548(F)|      SLOW  |         9.683(F)|      FAST  |GND_1_o_OPR[3]_AND_121_o|   0.000|
            |        19.353(F)|      SLOW  |         9.398(F)|      FAST  |GND_1_o_OPR[3]_AND_37_o |   0.000|
            |        20.413(F)|      SLOW  |         9.632(F)|      FAST  |GND_1_o_OPR[3]_AND_49_o |   0.000|
            |        19.568(F)|      SLOW  |         9.302(F)|      FAST  |GND_1_o_OPR[3]_AND_61_o |   0.000|
            |        19.421(F)|      SLOW  |         9.305(F)|      FAST  |GND_1_o_OPR[3]_AND_73_o |   0.000|
            |        19.335(F)|      SLOW  |         9.475(F)|      FAST  |GND_1_o_OPR[3]_AND_85_o |   0.000|
            |        19.926(F)|      SLOW  |         9.460(F)|      FAST  |GND_1_o_OPR[3]_AND_97_o |   0.000|
            |        15.484(R)|      SLOW  |         6.634(R)|      FAST  |SW17_IBUF_BUFG          |   0.000|
            |        15.383(F)|      SLOW  |         6.966(F)|      FAST  |SW17_IBUF_BUFG          |   0.000|
DOUT<6>     |        16.222(R)|      SLOW  |         6.772(R)|      FAST  |SW17_IBUF_BUFG          |   0.000|
            |        16.222(F)|      SLOW  |         6.877(F)|      FAST  |SW17_IBUF_BUFG          |   0.000|
            |        20.882(F)|      SLOW  |         9.595(F)|      FAST  |GND_1_o_OPR[3]_AND_109_o|   0.000|
            |        20.706(F)|      SLOW  |         9.594(F)|      FAST  |GND_1_o_OPR[3]_AND_121_o|   0.000|
            |        20.277(F)|      SLOW  |         9.309(F)|      FAST  |GND_1_o_OPR[3]_AND_37_o |   0.000|
            |        20.461(F)|      SLOW  |         9.543(F)|      FAST  |GND_1_o_OPR[3]_AND_49_o |   0.000|
            |        19.616(F)|      SLOW  |         9.213(F)|      FAST  |GND_1_o_OPR[3]_AND_61_o |   0.000|
            |        19.801(F)|      SLOW  |         9.216(F)|      FAST  |GND_1_o_OPR[3]_AND_73_o |   0.000|
            |        20.047(F)|      SLOW  |         9.386(F)|      FAST  |GND_1_o_OPR[3]_AND_85_o |   0.000|
            |        19.974(F)|      SLOW  |         9.371(F)|      FAST  |GND_1_o_OPR[3]_AND_97_o |   0.000|
------------+-----------------+------------+-----------------+------------+------------------------+--------+

Clock to Setup on destination clock CLK
---------------+---------+---------+---------+---------+
               | Src:Rise| Src:Fall| Src:Rise| Src:Fall|
Source Clock   |Dest:Rise|Dest:Rise|Dest:Fall|Dest:Fall|
---------------+---------+---------+---------+---------+
CLK            |    3.223|         |         |         |
---------------+---------+---------+---------+---------+

Clock to Setup on destination clock SW17
---------------+---------+---------+---------+---------+
               | Src:Rise| Src:Fall| Src:Rise| Src:Fall|
Source Clock   |Dest:Rise|Dest:Rise|Dest:Fall|Dest:Fall|
---------------+---------+---------+---------+---------+
SW17           |         |    9.665|    1.737|         |
---------------+---------+---------+---------+---------+

Pad to Pad
---------------+---------------+---------+
Source Pad     |Destination Pad|  Delay  |
---------------+---------------+---------+
SW1            |DOUT<0>        |   20.959|
SW1            |DOUT<1>        |   20.502|
SW1            |DOUT<2>        |   20.142|
SW1            |DOUT<3>        |   20.517|
SW1            |DOUT<4>        |   20.299|
SW1            |DOUT<5>        |   20.536|
SW1            |DOUT<6>        |   20.399|
SW2            |DOUT<0>        |   19.940|
SW2            |DOUT<1>        |   19.171|
SW2            |DOUT<2>        |   19.123|
SW2            |DOUT<3>        |   19.498|
SW2            |DOUT<4>        |   19.280|
SW2            |DOUT<5>        |   19.332|
SW2            |DOUT<6>        |   19.380|
SW3            |DOUT<0>        |   19.951|
SW3            |DOUT<1>        |   19.515|
SW3            |DOUT<2>        |   19.134|
SW3            |DOUT<3>        |   19.509|
SW3            |DOUT<4>        |   19.291|
SW3            |DOUT<5>        |   19.549|
SW3            |DOUT<6>        |   19.391|
SW4            |DOUT<0>        |   18.914|
SW4            |DOUT<1>        |   18.145|
SW4            |DOUT<2>        |   18.097|
SW4            |DOUT<3>        |   18.472|
SW4            |DOUT<4>        |   18.254|
SW4            |DOUT<5>        |   18.306|
SW4            |DOUT<6>        |   18.354|
SW5            |DOUT<0>        |   19.517|
SW5            |DOUT<1>        |   19.060|
SW5            |DOUT<2>        |   18.700|
SW5            |DOUT<3>        |   19.075|
SW5            |DOUT<4>        |   18.857|
SW5            |DOUT<5>        |   19.094|
SW5            |DOUT<6>        |   18.957|
SW6            |DOUT<0>        |   19.522|
SW6            |DOUT<1>        |   18.753|
SW6            |DOUT<2>        |   18.705|
SW6            |DOUT<3>        |   19.080|
SW6            |DOUT<4>        |   18.862|
SW6            |DOUT<5>        |   18.914|
SW6            |DOUT<6>        |   18.962|
SW7            |DOUT<0>        |   18.978|
SW7            |DOUT<1>        |   18.209|
SW7            |DOUT<2>        |   18.161|
SW7            |DOUT<3>        |   18.536|
SW7            |DOUT<4>        |   18.318|
SW7            |DOUT<5>        |   18.370|
SW7            |DOUT<6>        |   18.418|
SW8            |DOUT<0>        |   19.404|
SW8            |DOUT<1>        |   18.757|
SW8            |DOUT<2>        |   18.587|
SW8            |DOUT<3>        |   18.962|
SW8            |DOUT<4>        |   18.744|
SW8            |DOUT<5>        |   18.796|
SW8            |DOUT<6>        |   18.844|
SW18           |DOUT<0>        |   16.738|
SW18           |DOUT<1>        |   15.761|
SW18           |DOUT<2>        |   15.921|
SW18           |DOUT<3>        |   16.296|
SW18           |DOUT<4>        |   16.078|
SW18           |DOUT<5>        |   16.130|
SW18           |DOUT<6>        |   16.178|
SW22           |DOUT<0>        |   17.768|
SW22           |DOUT<1>        |   16.995|
SW22           |DOUT<2>        |   16.707|
SW22           |DOUT<3>        |   17.301|
SW22           |DOUT<4>        |   16.895|
SW22           |DOUT<5>        |   16.623|
SW22           |DOUT<6>        |   17.008|
---------------+---------------+---------+


Analysis completed THU 11 FEB 23:38:2 2021 
--------------------------------------------------------------------------------

Trace Settings:
-------------------------
Trace Settings 

Peak Memory Usage: 4571 MB



